t = 25: certificate found (L = 8192, largest index 6762), FLINT recheck OK, counting recheck of all 146: OK; classes 0,1,2: [(5329, 5475), (5330, 5549), (5550, 5623)]
t = 27: certificate found (L = 8192, largest index 6723), FLINT recheck OK, counting recheck of all 146: OK; classes 0,1,2: [(5329, 5694), (5403, 5476), (5404, 5477)]
t = 29: certificate found (L = 8192, largest index 6399), FLINT recheck OK, counting recheck of all 146: OK; classes 0,1,2: [(5402, 5694), (5695, 5914), (5331, 5404)]
t = 31: certificate found (L = 8192, largest index 6553), FLINT recheck OK; classes 0,1,2: [(5402, 5475), (5622, 5695), (5623, 5915)]
t = 47: certificate found (L = 8192, largest index 5993), FLINT recheck OK; classes 0,1,2: [(5402, 5475), (5330, 5476), (5404, 5550)]
t = 49: certificate found (L = 8192, largest index 6717), FLINT recheck OK, counting recheck of all 146: OK; classes 0,1,2: [(6132, 6424), (5622, 6717), (5623, 5696)]
t = 53: certificate found (L = 8192, largest index 6122), FLINT recheck OK, counting recheck of all 146: OK; classes 0,1,2: [(5548, 5694), (5403, 5549), (5331, 6061)]
t = 71: certificate found (L = 8192, largest index 6198), FLINT recheck OK, counting recheck of all 146: OK; classes 0,1,2: [(5402, 5548), (5695, 5841), (5477, 5550)]
t = 73: certificate found (L = 8192, largest index 6544), FLINT recheck OK, counting recheck of all 146: OK; classes 0,1,2: [(5621, 5694), (5476, 5695), (5331, 5404)]
t = 97: certificate found (L = 8192, largest index 6822), FLINT recheck OK, counting recheck of all 146: OK; classes 0,1,2: [(5694, 5767), (5549, 5695), (5404, 5477)]
t = 145: certificate found (L = 8192, largest index 6527), FLINT recheck OK, counting recheck of all 146: OK; classes 0,1,2: [(5329, 5621), (5403, 5549), (5404, 5550)]
t = 191: certificate found (L = 8192, largest index 6206), FLINT recheck OK; classes 0,1,2: [(5402, 5475), (5695, 6206), (5404, 5696)]
t = 201: certificate found (L = 8192, largest index 5980), FLINT recheck OK, counting recheck of all 146: OK; classes 0,1,2: [(5402, 5475), (5330, 5403), (5477, 5550)]
t = 205: certificate found (L = 8192, largest index 6027), FLINT recheck OK; classes 0,1,2: [(5329, 5402), (5330, 5403), (5404, 5477)]
t = 207: certificate found (L = 8192, largest index 6220), FLINT recheck OK; classes 0,1,2: [(5913, 6059), (5403, 5476), (5331, 5623)]
t = 255: certificate found (L = 8192, largest index 6148), FLINT recheck OK; classes 0,1,2: [(5621, 5694), (5330, 5403), (5331, 5769)]
t = 257: certificate found (L = 16384, largest index 8456), FLINT recheck OK, counting recheck of all 146: OK; classes 0,1,2: [(6132, 6497), (5695, 5987), (5331, 5842)]
t = 1025: certificate found (L = 32768, largest index 26911), FLINT recheck OK, counting recheck of all 146: OK; classes 0,1,2: [(7957, 8030), (5330, 7009), (7740, 8251)]
t = 4097: certificate found (L = 131072, largest index 106613), FLINT recheck OK, counting recheck of all 146: OK; classes 0,1,2: [(7957, 8030), (7812, 8177), (7156, 7740)]
t = 65537: certificate found (L = 2097152, largest index 1703938), FLINT recheck OK, counting recheck of all 146: OK; classes 0,1,2: [(7957, 8030), (7812, 8177), (7740, 8251)]
t = 1048579: NO certificate up to L = 16777216
t = 16389: certificate found (L = 32768, largest index 16951), FLINT recheck OK, counting recheck of all 146: OK; classes 0,1,2: [(5548, 5621), (5841, 5914), (5696, 5769)]
t = 65739: certificate found (L = 131072, largest index 65579), FLINT recheck OK; classes 0,1,2: [(5329, 5402), (5403, 5476), (5331, 5404)]
t = 131271: certificate found (L = 262144, largest index 131121), FLINT recheck OK; classes 0,1,2: [(5475, 5548), (5330, 5403), (5404, 5477)]
t = 1025: certificate found (L = 32768, largest index 26911), FLINT recheck OK, counting recheck of all 146: OK; classes 0,1,2: [(7957, 8030), (5330, 7009), (7740, 8251)]
t = 2049: certificate found (L = 65536, largest index 53673), FLINT recheck OK, counting recheck of all 146: OK; classes 0,1,2: [(7957, 8030), (7812, 8177), (7156, 7740)]
t = 515: certificate found (L = 16384, largest index 13390), FLINT recheck OK, counting recheck of all 146: OK; classes 0,1,2: [(5475, 7154), (8031, 8761), (6280, 7740)]
t = 1027: certificate found (L = 32768, largest index 26625), FLINT recheck OK, counting recheck of all 146: OK; classes 0,1,2: [(6716, 7519), (5330, 6498), (11609, 11755)]
t = 1048577: NO certificate up to L = 16777216
t = 4194305: NO certificate up to L = 16777216
t = 2097155: NO certificate up to L = 16777216
t = 12289: certificate found (L = 65536, largest index 42922), FLINT recheck OK, counting recheck of all 146: OK; classes 0,1,2: [(7957, 8030), (7812, 8177), (7156, 7740)]
t = 32837: certificate found (L = 65536, largest index 32838), FLINT recheck OK, counting recheck of all 146: OK; classes 0,1,2: [(5329, 5694), (5330, 5622), (5404, 5477)]
t = 16401: certificate found (L = 32768, largest index 16987), FLINT recheck OK, counting recheck of all 146: OK; classes 0,1,2: [(5329, 5402), (5476, 5914), (5477, 5696)]
t = 1048575: certificate found (L = 8192, largest index 6071), FLINT recheck OK; classes 0,1,2: [(5767, 5840), (5330, 5476), (5696, 5769)]
t = 1926490934381: certificate found (L = 8192, largest index 6089), FLINT recheck OK; classes 0,1,2: [(5402, 5475), (5549, 5695), (5477, 5623)]
t = 1217783349469: certificate found (L = 8192, largest index 5957), FLINT recheck OK; classes 0,1,2: [(5475, 5694), (5330, 5622), (5331, 5404)]
t = 1014617302171: certificate found (L = 8192, largest index 5958), FLINT recheck OK; classes 0,1,2: [(5402, 5475), (5330, 5403), (5331, 5404)]
t = 1834670672143: certificate found (L = 8192, largest index 5996), FLINT recheck OK; classes 0,1,2: [(5329, 5402), (5622, 5768), (5477, 5550)]
t = 1225: certificate found (L = 8192, largest index 5947), FLINT recheck OK, counting recheck of all 146: OK; classes 0,1,2: [(5548, 5621), (5403, 5549), (5331, 5404)]
t = 2095: certificate found (L = 8192, largest index 6177), FLINT recheck OK; classes 0,1,2: [(5329, 5548), (5330, 5768), (5477, 5550)]
t = 3177: certificate found (L = 8192, largest index 6213), FLINT recheck OK; classes 0,1,2: [(5329, 5402), (5549, 5622), (5477, 5550)]
t = 2867: certificate found (L = 8192, largest index 5957), FLINT recheck OK; classes 0,1,2: [(5475, 5621), (5330, 5476), (5404, 5477)]
t = 1: r_t = 222, N < 20000000: violations [], odd coefficients at N = r_t mod p^2: 100; classes without a pair below 2e5: [3, 8, 10, 13, 14, 16, 17, 18, 20, 23, 24, 25, 29, 31, 32, 33, 34, 36, 37, 42, 43, 45, 46, 47, 48, 50, 54, 55, 56, 59, 61, 62, 63, 65, 66, 69, 71]
t = 3: r_t = 666, N < 20000000: violations [], odd coefficients at N = r_t mod p^2: 87; classes without a pair below 2e5: [2, 4, 9, 14, 16, 19, 20, 22, 23, 24, 26, 29, 30, 31, 35, 37, 38, 39, 40, 42, 43, 48, 49, 51, 52, 53, 54, 56, 60, 61, 62, 65, 67, 68, 69, 71, 72]
t = 5: r_t = 1110, N < 20000000: violations [], odd coefficients at N = r_t mod p^2: 1302; classes without a pair below 2e5: [15]
t = 7: r_t = 1554, N < 20000000: violations [], odd coefficients at N = r_t mod p^2: 1291; classes without a pair below 2e5: [21]
t = 9: r_t = 1998, N < 20000000: violations [], odd coefficients at N = r_t mod p^2: 1143; classes without a pair below 2e5: [27]
t = 11: r_t = 2442, N < 20000000: violations [], odd coefficients at N = r_t mod p^2: 1411; classes without a pair below 2e5: [33]
t = 13: r_t = 2886, N < 20000000: violations [], odd coefficients at N = r_t mod p^2: 1272; classes without a pair below 2e5: [39]
t = 15: r_t = 3330, N < 20000000: violations [], odd coefficients at N = r_t mod p^2: 1124; classes without a pair below 2e5: [45]
t = 17: r_t = 3774, N < 20000000: violations [], odd coefficients at N = r_t mod p^2: 1291; classes without a pair below 2e5: [51]
t = 19: r_t = 4218, N < 20000000: violations [], odd coefficients at N = r_t mod p^2: 1227; classes without a pair below 2e5: [57]
t = 21: r_t = 4662, N < 20000000: violations [], odd coefficients at N = r_t mod p^2: 1759; classes without a pair below 2e5: [63]
t = 23: r_t = 5106, N < 20000000: violations [], odd coefficients at N = r_t mod p^2: 1784; classes without a pair below 2e5: [69]
t = 51: r_t = 664, N < 20000000: violations [], odd coefficients at N = r_t mod p^2: 1070; classes without a pair below 2e5: [7]
t = 55: r_t = 1552, N < 20000000: violations [], odd coefficients at N = r_t mod p^2: 1622; classes without a pair below 2e5: [19]
t = 59: r_t = 2440, N < 20000000: violations [], odd coefficients at N = r_t mod p^2: 1766; classes without a pair below 2e5: [31]
t = 61: r_t = 2884, N < 20000000: violations [], odd coefficients at N = r_t mod p^2: 1212; classes without a pair below 2e5: [37]
t = 65: r_t = 3772, N < 20000000: violations [], odd coefficients at N = r_t mod p^2: 890; classes without a pair below 2e5: [49]
t = 69: r_t = 4660, N < 20000000: violations [], odd coefficients at N = r_t mod p^2: 1709; classes without a pair below 2e5: [61]
t = 199: r_t = 1546, N < 20000000: violations [], odd coefficients at N = r_t mod p^2: 1804; classes without a pair below 2e5: [13]
t = 203: r_t = 2434, N < 20000000: violations [], odd coefficients at N = r_t mod p^2: 1851; classes without a pair below 2e5: [25]
SPOT CHECKS: FAIL
