p = 193, 18 listed t: [1, 3, 5, 7, 9, 11, 13, 15, 17, 19, 21, 23, 49, 53, 57, 63, 67, 71]
t = 5: Sturm bound 288, T_p G_t = 0 mod 2 up to bound: True; up to 2x bound: True
t = 7: Sturm bound 384, T_p G_t = 0 mod 2 up to bound: True; up to 2x bound: True
t = 9: Sturm bound 480, T_p G_t = 0 mod 2 up to bound: True; up to 2x bound: True
t = 11: Sturm bound 576, T_p G_t = 0 mod 2 up to bound: True; up to 2x bound: True
t = 13: Sturm bound 672, T_p G_t = 0 mod 2 up to bound: True; up to 2x bound: True
t = 15: Sturm bound 768, T_p G_t = 0 mod 2 up to bound: True; up to 2x bound: True
t = 17: Sturm bound 864, T_p G_t = 0 mod 2 up to bound: True; up to 2x bound: True
t = 19: Sturm bound 960, T_p G_t = 0 mod 2 up to bound: True; up to 2x bound: True
t = 21: Sturm bound 1056, T_p G_t = 0 mod 2 up to bound: True; up to 2x bound: True
t = 23: Sturm bound 1152, T_p G_t = 0 mod 2 up to bound: True; up to 2x bound: True
t = 49: Sturm bound 2400, T_p G_t = 0 mod 2 up to bound: True; up to 2x bound: True
t = 53: Sturm bound 2592, T_p G_t = 0 mod 2 up to bound: True; up to 2x bound: True
t = 57: Sturm bound 2784, T_p G_t = 0 mod 2 up to bound: True; up to 2x bound: True
t = 63: Sturm bound 3072, T_p G_t = 0 mod 2 up to bound: True; up to 2x bound: True
t = 67: Sturm bound 3264, T_p G_t = 0 mod 2 up to bound: True; up to 2x bound: True
t = 71: Sturm bound 3456, T_p G_t = 0 mod 2 up to bound: True; up to 2x bound: True
[0.1 s]
negative controls: 107 odd t in [5, 250) not listed; those where T_p G_t = 0 up to the bound: []; largest first failure index m = 89
[0.5 s]
t = 5: mfparams(eta(24z)^t theta) = [576, 3, -3, y, t + 1]
t = 7: mfparams(eta(24z)^t theta) = [576, 4, 12, y, t + 1]
t = 9: mfparams(eta(24z)^t theta) = [192, 5, -3, y, t + 1]
t = 63: mfparams(eta(24z)^t theta) = [192, 32, 12, y, t + 1]
t = 67: mfparams(eta(24z)^t theta) = [576, 34, 12, y, t + 1]
t = 71: mfparams(eta(24z)^t theta) = [576, 36, 12, y, t + 1]
STURM CHECK p = 193: PASS
