t = 5: Sturm bound 288, T_p G_t = 0 mod 2 up to bound: True; up to 4x bound: True
t = 7: Sturm bound 384, T_p G_t = 0 mod 2 up to bound: True; up to 4x bound: True
t = 9: Sturm bound 480, T_p G_t = 0 mod 2 up to bound: True; up to 4x bound: True
t = 11: Sturm bound 576, T_p G_t = 0 mod 2 up to bound: True; up to 4x bound: True
t = 13: Sturm bound 672, T_p G_t = 0 mod 2 up to bound: True; up to 4x bound: True
t = 15: Sturm bound 768, T_p G_t = 0 mod 2 up to bound: True; up to 4x bound: True
t = 17: Sturm bound 864, T_p G_t = 0 mod 2 up to bound: True; up to 4x bound: True
t = 19: Sturm bound 960, T_p G_t = 0 mod 2 up to bound: True; up to 4x bound: True
t = 21: Sturm bound 1056, T_p G_t = 0 mod 2 up to bound: True; up to 4x bound: True
t = 23: Sturm bound 1152, T_p G_t = 0 mod 2 up to bound: True; up to 4x bound: True
t = 51: Sturm bound 2496, T_p G_t = 0 mod 2 up to bound: True; up to 4x bound: True
t = 55: Sturm bound 2688, T_p G_t = 0 mod 2 up to bound: True; up to 4x bound: True
t = 59: Sturm bound 2880, T_p G_t = 0 mod 2 up to bound: True; up to 4x bound: True
t = 61: Sturm bound 2976, T_p G_t = 0 mod 2 up to bound: True; up to 4x bound: True
t = 65: Sturm bound 3168, T_p G_t = 0 mod 2 up to bound: True; up to 4x bound: True
t = 69: Sturm bound 3360, T_p G_t = 0 mod 2 up to bound: True; up to 4x bound: True
t = 199: Sturm bound 9600, T_p G_t = 0 mod 2 up to bound: True; up to 4x bound: True
t = 203: Sturm bound 9792, T_p G_t = 0 mod 2 up to bound: True; up to 4x bound: True
negative controls (odd t < 240 not listed) where T_p G_t = 0 up to the bound: []
t = 5: mfparams(eta(24z)^t theta) = [576, 3, -3, y, t + 1]
t = 7: mfparams(eta(24z)^t theta) = [576, 4, 12, y, t + 1]
t = 9: mfparams(eta(24z)^t theta) = [192, 5, -3, y, t + 1]
t = 11: mfparams(eta(24z)^t theta) = [576, 6, 12, y, t + 1]
t = 13: mfparams(eta(24z)^t theta) = [576, 7, -3, y, t + 1]
t = 23: mfparams(eta(24z)^t theta) = [576, 12, 12, y, t + 1]
t = 51: mfparams(eta(24z)^t theta) = [192, 26, 12, y, t + 1]
t = 69: mfparams(eta(24z)^t theta) = [192, 35, -3, y, t + 1]
t = 199: mfparams(eta(24z)^t theta) = [576, 100, 12, y, t + 1]
t = 203: mfparams(eta(24z)^t theta) = [576, 102, 12, y, t + 1]
STURM CHECK: PASS
